steps:
- group: Group
  key: group__kf__1
  steps:
  - agents:
      cores: 8
      os: linux
    artifact_paths:
    - build-artifacts/**
    command: script/build.sh
    env:
      ENABLE_INSTRUMENTATION: '1'
    key: run_build
    label: Run Build
    plugins:
      coverage: &id001
        token: foo
    timeout_in_minutes: 60
  - agents:
      os: linux
    artifact_paths:
    - build-artifacts/**
    command: script/test.sh
    key: run_tests
    label: Run Tests
    parallelism: 2
    priority: 100
    soft_fail: true
  - artifact_paths:
    - docs-generated/**
    command: test-doc.sh
    key: test_docs
    label: Test docs
    retry:
      automatic:
      - exit_code: 2
        limit: 1
    soft_fail:
    - exit_status: 2
    - exit_status: 3
- group: Group
  key: group
  steps:
  - agents:
      cores: 8
      os: linux
    artifact_paths:
    - build-artifacts/**
    command: script/build.sh
    env:
      ENABLE_INSTRUMENTATION: '1'
    key: run_build
    label: Run Build
    plugins:
      coverage: *id001
    timeout_in_minutes: 60
  - agents:
      os: linux
    artifact_paths:
    - build-artifacts/**
    command: script/test.sh
    key: run_tests
    label: Run Tests
    parallelism: 2
    priority: 100
    soft_fail: true
  - artifact_paths:
    - docs-generated/**
    command: test-doc.sh
    key: test_docs
    label: Test docs
    retry:
      automatic:
      - exit_code: 2
        limit: 1
    soft_fail:
    - exit_status: 2
    - exit_status: 3
- continue_on_failure: true
  priority: 0
  wait: '~'
- blocked_state: running
  fields:
  - hint: The shared team password
    key: password
    required: true
    text: Password
  - default: local
    hint: The shared team password
    key: build_type
    multiple: true
    options:
    - label: CI
      value: ci
    - label: Local
      value: local
    required: false
    select: Build Type
  input: Get trigger input
  priority: 0
  prompt: 'Enter the password:'
- async: true
  build:
    branch: develop
    commit: HEAD
    env:
      FOO: 1
    message: Automatic Build
    meta_data:
      FOO: 1
  label: Run My Pipe
  priority: 0
  trigger: my-pipe
- priority: 0
  wait: '~'
- block: Deployment Gate
  blocked_state: passed
  fields:
  - default: 'yes'
    key: confirmation
    required: true
    text: Confirmation
  priority: 0
  prompt: Enter 'deploy'
- artifact_paths:
  - artifacts/**
  - build-artifacts/**
  command: scripts/deploy.sh
  concurrency: 1
  concurrency_group: deployment
  key: deploy
  label: Deploy
  retry:
    automatic:
    - exit_code: '*'
      limit: 2
    manual:
      allowed: true
      permit_on_passed: true
      reason: Re-deploy
- command: skipped.sh
  key: skipped_command
  label: Skipped command
  skip: Needs to be fixed
- priority: 0
  wait: '~'
- command: script/collect-results.sh
  depends_on:
  - run_build
  - run_tests
  - test_docs
  key: collect_results
  label: Collect Results
