steps:
- command: script/test.sh
  key: null
  label: Run Tests
